// Jest Snapshot v1, https://goo.gl/fbAQLP

exports[`LibrariesList Snapshot renders the UI snapshot correctly 1`] = `
<div
  className="css-1xdhyk6"
  style={
    Object {
      "width": undefined,
    }
  }
>
  <div
    className="column css-0"
  >
    <div
      className="css-0"
    >
      <div
        className="chakra-skeleton css-lx2l1e"
      >
        <div
          className="css-0"
          style={
            Object {
              "marginBottom": undefined,
            }
          }
        />
      </div>
      <div
        className="chakra-skeleton css-lx2l1e"
      >
        <div
          className="css-0"
          style={
            Object {
              "marginBottom": undefined,
            }
          }
        />
      </div>
      <div
        className="chakra-skeleton css-lx2l1e"
      >
        <div
          className="css-0"
          style={
            Object {
              "marginBottom": undefined,
            }
          }
        />
      </div>
      <div
        className="chakra-skeleton css-lx2l1e"
      >
        <div
          className="css-0"
          style={
            Object {
              "marginBottom": undefined,
            }
          }
        />
      </div>
      <div
        className="chakra-skeleton css-lx2l1e"
      >
        <div
          className="css-0"
          style={
            Object {
              "marginBottom": undefined,
            }
          }
        />
      </div>
      <div
        className="chakra-skeleton css-lx2l1e"
      >
        <div
          className="css-0"
          style={
            Object {
              "marginBottom": undefined,
            }
          }
        />
      </div>
      <div
        className="chakra-skeleton css-lx2l1e"
      >
        <div
          className="css-0"
          style={
            Object {
              "marginBottom": undefined,
            }
          }
        />
      </div>
      <div
        className="chakra-skeleton css-lx2l1e"
      >
        <div
          className="css-0"
          style={
            Object {
              "marginBottom": undefined,
            }
          }
        />
      </div>
      <div
        className="chakra-skeleton css-lx2l1e"
      >
        <div
          className="css-0"
          style={
            Object {
              "marginBottom": undefined,
            }
          }
        />
      </div>
      <div
        className="chakra-skeleton css-lx2l1e"
      >
        <div
          className="css-0"
          style={
            Object {
              "marginBottom": undefined,
            }
          }
        />
      </div>
      <div
        className="chakra-skeleton css-lx2l1e"
      >
        <div
          className="css-0"
          style={
            Object {
              "marginBottom": undefined,
            }
          }
        />
      </div>
      <div
        className="chakra-skeleton css-lx2l1e"
      >
        <div
          className="css-0"
          style={
            Object {
              "marginBottom": undefined,
            }
          }
        />
      </div>
      <div
        className="chakra-skeleton css-lx2l1e"
      >
        <div
          className="css-0"
          style={
            Object {
              "marginBottom": undefined,
            }
          }
        />
      </div>
      <div
        className="chakra-skeleton css-lx2l1e"
      >
        <div
          className="css-0"
          style={
            Object {
              "marginBottom": undefined,
            }
          }
        />
      </div>
      <div
        className="chakra-skeleton css-lx2l1e"
      >
        <div
          className="css-0"
          style={
            Object {
              "marginBottom": undefined,
            }
          }
        />
      </div>
      <div
        className="chakra-skeleton css-lx2l1e"
      >
        <div
          className="css-0"
          style={
            Object {
              "marginBottom": undefined,
            }
          }
        />
      </div>
      <div
        className="chakra-skeleton css-lx2l1e"
      >
        <div
          className="css-0"
          style={
            Object {
              "marginBottom": undefined,
            }
          }
        />
      </div>
      <div
        className="chakra-skeleton css-lx2l1e"
      >
        <div
          className="css-0"
          style={
            Object {
              "marginBottom": undefined,
            }
          }
        />
      </div>
      <div
        className="chakra-skeleton css-lx2l1e"
      >
        <div
          className="css-0"
          style={
            Object {
              "marginBottom": undefined,
            }
          }
        />
      </div>
      <div
        className="chakra-skeleton css-1l0joh4"
      >
        <div
          className="css-0"
          style={
            Object {
              "marginBottom": undefined,
            }
          }
        />
      </div>
    </div>
  </div>
</div>
`;

exports[`LibrariesList Snapshot renders the UI snapshot correctly 2`] = `
<table
  className="chakra-table css-1xdhyk6"
>
  <thead
    className="css-0"
  >
    <tr
      className="css-0"
    >
      <th
        className="css-b91dz6"
        scope="col"
      >
        Library Name
      </th>
      <th
        className="css-b91dz6"
        scope="col"
      >
        Patron Count
      </th>
    </tr>
  </thead>
  <tbody
    className="css-0"
  >
    <tr
      className="css-0"
    >
      <td
        className="css-0"
      >
        <span
          className="css-dsyim5"
        >
          Library Name
        </span>
        <span>
          Acton Public Library
        </span>
      </td>
      <td
        className="css-0"
      >
        <span
          className="css-dsyim5"
        >
          Patron Count
        </span>
        <span>
          9
        </span>
      </td>
    </tr>
    <tr
      className="css-0"
    >
      <td
        className="css-0"
      >
        <span
          className="css-dsyim5"
        >
          Library Name
        </span>
        <span>
          Ak-Chin Indian Community Library, AZ
        </span>
      </td>
      <td
        className="css-0"
      >
        <span
          className="css-dsyim5"
        >
          Patron Count
        </span>
        <span>
          5
        </span>
      </td>
    </tr>
    <tr
      className="css-0"
    >
      <td
        className="css-0"
      >
        <span
          className="css-dsyim5"
        >
          Library Name
        </span>
        <span>
          Alameda County Library
        </span>
      </td>
      <td
        className="css-0"
      >
        <span
          className="css-dsyim5"
        >
          Patron Count
        </span>
        <span>
          1839
        </span>
      </td>
    </tr>
    <tr
      className="css-0"
    >
      <td
        className="css-0"
      >
        <span
          className="css-dsyim5"
        >
          Library Name
        </span>
        <span>
          Alicia Salinas City of Alice Public Library, TX
        </span>
      </td>
      <td
        className="css-0"
      >
        <span
          className="css-dsyim5"
        >
          Patron Count
        </span>
        <span>
          2
        </span>
      </td>
    </tr>
    <tr
      className="css-0"
    >
      <td
        className="css-0"
      >
        <span
          className="css-dsyim5"
        >
          Library Name
        </span>
        <span>
          Allan Shivers Library & Museum, TX
        </span>
      </td>
      <td
        className="css-0"
      >
        <span
          className="css-dsyim5"
        >
          Patron Count
        </span>
        <span>
          0
        </span>
      </td>
    </tr>
    <tr
      className="css-0"
    >
      <td
        className="css-0"
      >
        <span
          className="css-dsyim5"
        >
          Library Name
        </span>
        <span>
          Allegany County Library System
        </span>
      </td>
      <td
        className="css-0"
      >
        <span
          className="css-dsyim5"
        >
          Patron Count
        </span>
        <span>
          0
        </span>
      </td>
    </tr>
    <tr
      className="css-0"
    >
      <td
        className="css-0"
      >
        <span
          className="css-dsyim5"
        >
          Library Name
        </span>
        <span>
          Allen Memorial Public Library, TX
        </span>
      </td>
      <td
        className="css-0"
      >
        <span
          className="css-dsyim5"
        >
          Patron Count
        </span>
        <span>
          9
        </span>
      </td>
    </tr>
    <tr
      className="css-0"
    >
      <td
        className="css-0"
      >
        <span
          className="css-dsyim5"
        >
          Library Name
        </span>
        <span>
          Alpine Public Library, TX
        </span>
      </td>
      <td
        className="css-0"
      >
        <span
          className="css-dsyim5"
        >
          Patron Count
        </span>
        <span>
          59
        </span>
      </td>
    </tr>
    <tr
      className="css-0"
    >
      <td
        className="css-0"
      >
        <span
          className="css-dsyim5"
        >
          Library Name
        </span>
        <span>
          Amarillo Public Library, TX
        </span>
      </td>
      <td
        className="css-0"
      >
        <span
          className="css-dsyim5"
        >
          Patron Count
        </span>
        <span>
          78
        </span>
      </td>
    </tr>
    <tr
      className="css-0"
    >
      <td
        className="css-0"
      >
        <span
          className="css-dsyim5"
        >
          Library Name
        </span>
        <span>
          Amigos Demo Library
        </span>
      </td>
      <td
        className="css-0"
      >
        <span
          className="css-dsyim5"
        >
          Patron Count
        </span>
        <span>
          22
        </span>
      </td>
    </tr>
    <tr
      className="css-0"
    >
      <td
        className="css-0"
      >
        <span
          className="css-dsyim5"
        >
          Library Name
        </span>
        <span>
          Amigos Test Library Two
        </span>
      </td>
      <td
        className="css-0"
      >
        <span
          className="css-dsyim5"
        >
          Patron Count
        </span>
        <span>
          0
        </span>
      </td>
    </tr>
    <tr
      className="css-0"
    >
      <td
        className="css-0"
      >
        <span
          className="css-dsyim5"
        >
          Library Name
        </span>
        <span>
          Anacortes Public Library
        </span>
      </td>
      <td
        className="css-0"
      >
        <span
          className="css-dsyim5"
        >
          Patron Count
        </span>
        <span>
          0
        </span>
      </td>
    </tr>
    <tr
      className="css-0"
    >
      <td
        className="css-0"
      >
        <span
          className="css-dsyim5"
        >
          Library Name
        </span>
        <span>
          Andrews County Library, TX
        </span>
      </td>
      <td
        className="css-0"
      >
        <span
          className="css-dsyim5"
        >
          Patron Count
        </span>
        <span>
          1
        </span>
      </td>
    </tr>
    <tr
      className="css-0"
    >
      <td
        className="css-0"
      >
        <span
          className="css-dsyim5"
        >
          Library Name
        </span>
        <span>
          Anne Arundel Co. Public Library
        </span>
      </td>
      <td
        className="css-0"
      >
        <span
          className="css-dsyim5"
        >
          Patron Count
        </span>
        <span>
          0
        </span>
      </td>
    </tr>
    <tr
      className="css-0"
    >
      <td
        className="css-0"
      >
        <span
          className="css-dsyim5"
        >
          Library Name
        </span>
        <span>
          Ansonia Public Library
        </span>
      </td>
      <td
        className="css-0"
      >
        <span
          className="css-dsyim5"
        >
          Patron Count
        </span>
        <span>
          0
        </span>
      </td>
    </tr>
  </tbody>
</table>
`;

exports[`LibrariesList Snapshot renders the UI snapshot correctly 3`] = `
<p
  className="chakra-text css-mcqbu9"
>
  There was a problem fetching the libraries. Try refreshing the page, or logging in again.
</p>
`;
